// Jest Snapshot v1, https://goo.gl/fbAQLP

exports[`Core: preload plugin disablePreloadApp is false use setRanking 1`] = `"[{\\"appName\\":\\"vue-app\\",\\"count\\":2},{\\"appName\\":\\"react-app\\",\\"count\\":1}]"`;
